Watching for file changes with StatReloader
[11/Jun/2026 18:00:04] "GET /login/ HTTP/1.1" 200 2454
[11/Jun/2026 18:00:04,702] - Broken pipe from ('127.0.0.1', 56523)
[11/Jun/2026 18:00:30] "GET /login/ HTTP/1.1" 200 2454
[11/Jun/2026 18:00:30] "GET /static/portal/css/style.css HTTP/1.1" 200 205
[11/Jun/2026 18:00:33] "POST /login/ HTTP/1.1" 302 0
[11/Jun/2026 18:00:33] "GET / HTTP/1.1" 200 8877
[11/Jun/2026 18:03:35] "GET /login/ HTTP/1.1" 200 2454
[11/Jun/2026 18:03:35] "GET /static/portal/css/style.css HTTP/1.1" 200 205
[11/Jun/2026 18:03:45] "POST /login/ HTTP/1.1" 302 0
[11/Jun/2026 18:03:45] "GET / HTTP/1.1" 200 7438
[11/Jun/2026 18:04:29] "GET / HTTP/1.1" 200 7438
[11/Jun/2026 18:04:29] "GET /static/portal/css/style.css HTTP/1.1" 304 0
[11/Jun/2026 18:04:34] "GET /admin/ HTTP/1.1" 200 12357
[11/Jun/2026 18:04:34] "GET /static/admin/css/dark_mode.css HTTP/1.1" 304 0
[11/Jun/2026 18:04:34] "GET /static/admin/css/base.css HTTP/1.1" 304 0
[11/Jun/2026 18:04:34] "GET /static/admin/css/nav_sidebar.css HTTP/1.1" 304 0
[11/Jun/2026 18:04:34] "GET /static/admin/js/theme.js HTTP/1.1" 304 0
[11/Jun/2026 18:04:34] "GET /static/admin/css/responsive.css HTTP/1.1" 304 0
[11/Jun/2026 18:04:34] "GET /static/admin/css/dashboard.css HTTP/1.1" 304 0
[11/Jun/2026 18:04:34] "GET /static/admin/js/nav_sidebar.js HTTP/1.1" 304 0
[11/Jun/2026 18:04:34] "GET /static/admin/img/icon-addlink.svg HTTP/1.1" 304 0
[11/Jun/2026 18:04:34] "GET /static/admin/img/icon-changelink.svg HTTP/1.1" 304 0
[11/Jun/2026 18:04:46] "GET /logout/ HTTP/1.1" 302 0
[11/Jun/2026 18:04:46] "GET /login/ HTTP/1.1" 200 2454
[11/Jun/2026 18:05:00] "POST /login/ HTTP/1.1" 302 0
[11/Jun/2026 18:05:01] "GET / HTTP/1.1" 200 8877
[11/Jun/2026 18:05:14] "GET /logout/ HTTP/1.1" 302 0
[11/Jun/2026 18:05:14] "GET /login/ HTTP/1.1" 200 2454
[11/Jun/2026 18:05:14] "GET /static/portal/css/style.css HTTP/1.1" 304 0
[11/Jun/2026 18:06:55] "POST /login/ HTTP/1.1" 302 0
[11/Jun/2026 18:06:55] "GET / HTTP/1.1" 200 7438
[11/Jun/2026 18:06:55] "GET /static/portal/css/style.css HTTP/1.1" 304 0
C:\GitHub\corporate_portal\portal\views.py changed, reloading.
Watching for file changes with StatReloader
C:\GitHub\corporate_portal\portal\urls.py changed, reloading.
Watching for file changes with StatReloader
C:\GitHub\corporate_portal\portal\urls.py changed, reloading.
Watching for file changes with StatReloader
[11/Jun/2026 18:26:08] "GET /documents/ HTTP/1.1" 200 8914
[11/Jun/2026 18:26:08] "GET /static/portal/css/style.css HTTP/1.1" 304 0
[11/Jun/2026 18:26:09] "GET /documents/?q=%D0%98%D0%BD%D1%81%D1%82%D1%80%D1%83%D0%BA%D1%86%D0%B8%D1%8F HTTP/1.1" 200 3970
[11/Jun/2026 18:26:47] "GET /logout/ HTTP/1.1" 302 0
[11/Jun/2026 18:26:47] "GET /login/ HTTP/1.1" 200 2454
[11/Jun/2026 18:26:47] "GET /static/portal/css/style.css HTTP/1.1" 304 0
[11/Jun/2026 18:26:50] "POST /login/ HTTP/1.1" 302 0
[11/Jun/2026 18:26:50] "GET / HTTP/1.1" 200 9427
[11/Jun/2026 18:26:58] "GET /documents/ HTTP/1.1" 200 8914
[11/Jun/2026 18:34:22] "GET /logout/ HTTP/1.1" 302 0
[11/Jun/2026 18:34:22] "GET /login/ HTTP/1.1" 200 2454
[11/Jun/2026 18:34:22] "GET /static/portal/css/style.css HTTP/1.1" 304 0
[11/Jun/2026 18:34:26] "POST /login/ HTTP/1.1" 302 0
[11/Jun/2026 18:34:26] "GET / HTTP/1.1" 200 7988
[11/Jun/2026 18:34:35] "GET /documents/ HTTP/1.1" 200 9028
C:\GitHub\corporate_portal\portal\views.py changed, reloading.
Watching for file changes with StatReloader
C:\GitHub\corporate_portal\portal\views.py changed, reloading.
Watching for file changes with StatReloader
[11/Jun/2026 18:46:24] "GET /logout/ HTTP/1.1" 302 0
[11/Jun/2026 18:46:24] "GET /login/ HTTP/1.1" 200 2454
[11/Jun/2026 18:46:24] "GET /static/portal/css/style.css HTTP/1.1" 304 0
[11/Jun/2026 18:46:25] "GET /login/ HTTP/1.1" 200 2454
[11/Jun/2026 18:47:51] "GET /logout/ HTTP/1.1" 302 0
[11/Jun/2026 18:47:51] "GET /login/ HTTP/1.1" 200 2454
[11/Jun/2026 18:47:51] "GET /static/portal/css/style.css HTTP/1.1" 304 0
[11/Jun/2026 18:47:54] "POST /login/ HTTP/1.1" 302 0
[11/Jun/2026 18:47:55] "GET / HTTP/1.1" 200 7987
[11/Jun/2026 18:47:57] "GET /tickets/ HTTP/1.1" 200 8473
[11/Jun/2026 18:48:15] "GET /admin/portal/ticket/ HTTP/1.1" 200 22554
[11/Jun/2026 18:48:15] "GET /static/admin/css/base.css HTTP/1.1" 304 0
[11/Jun/2026 18:48:15] "GET /static/admin/css/dark_mode.css HTTP/1.1" 304 0
[11/Jun/2026 18:48:15] "GET /static/admin/css/nav_sidebar.css HTTP/1.1" 304 0
[11/Jun/2026 18:48:15] "GET /static/admin/js/theme.js HTTP/1.1" 304 0
[11/Jun/2026 18:48:15] "GET /static/admin/css/responsive.css HTTP/1.1" 304 0
[11/Jun/2026 18:48:15] "GET /admin/jsi18n/ HTTP/1.1" 200 16379
[11/Jun/2026 18:48:15] "GET /static/admin/css/changelists.css HTTP/1.1" 200 7498
[11/Jun/2026 18:48:15] "GET /static/admin/js/core.js HTTP/1.1" 200 6208
[11/Jun/2026 18:48:15] "GET /static/admin/js/urlify.js HTTP/1.1" 200 7887
[11/Jun/2026 18:48:15] "GET /static/admin/js/jquery.init.js HTTP/1.1" 200 347
[11/Jun/2026 18:48:15] "GET /static/admin/js/admin/RelatedObjectLookups.js HTTP/1.1" 200 9777
[11/Jun/2026 18:48:15] "GET /static/admin/js/vendor/jquery/jquery.js HTTP/1.1" 200 285314
[11/Jun/2026 18:48:15] "GET /static/admin/js/actions.js HTTP/1.1" 200 8077
[11/Jun/2026 18:48:15] "GET /static/admin/js/prepopulate.js HTTP/1.1" 200 1531
[11/Jun/2026 18:48:15] "GET /static/admin/img/search.svg HTTP/1.1" 200 607
[11/Jun/2026 18:48:15] "GET /static/admin/js/vendor/xregexp/xregexp.js HTTP/1.1" 200 325171
[11/Jun/2026 18:48:15] "GET /static/admin/js/nav_sidebar.js HTTP/1.1" 304 0
[11/Jun/2026 18:48:15] "GET /static/admin/js/filters.js HTTP/1.1" 200 978
[11/Jun/2026 18:48:15] "GET /static/admin/img/icon-addlink.svg HTTP/1.1" 304 0
[11/Jun/2026 18:48:15] "GET /static/admin/img/tooltag-add.svg HTTP/1.1" 200 593
[11/Jun/2026 18:48:15] "GET /static/admin/img/icon-viewlink.svg HTTP/1.1" 200 928
[11/Jun/2026 18:48:15] "GET /static/admin/img/sorting-icons.svg HTTP/1.1" 200 1761
[11/Jun/2026 18:48:31] "GET / HTTP/1.1" 200 7987
C:\GitHub\corporate_portal\portal\views.py changed, reloading.
Watching for file changes with StatReloader
[11/Jun/2026 18:53:22] "GET /login/ HTTP/1.1" 302 0
[11/Jun/2026 18:53:22] "GET / HTTP/1.1" 200 10430
[11/Jun/2026 18:53:22] "GET /static/portal/css/style.css HTTP/1.1" 304 0
[11/Jun/2026 18:53:53] "GET /login/ HTTP/1.1" 302 0
[11/Jun/2026 18:53:53] "GET / HTTP/1.1" 200 10430
[11/Jun/2026 18:53:55] "GET /logout/ HTTP/1.1" 302 0
[11/Jun/2026 18:53:55] "GET /login/ HTTP/1.1" 200 2454
[11/Jun/2026 18:53:58] "POST /login/ HTTP/1.1" 302 0
[11/Jun/2026 18:53:58] "GET / HTTP/1.1" 200 10430
[11/Jun/2026 18:54:05] "GET /tickets/ HTTP/1.1" 200 8473
[11/Jun/2026 18:54:20] "GET /logout/ HTTP/1.1" 302 0
[11/Jun/2026 18:54:20] "GET /login/ HTTP/1.1" 200 2454
[11/Jun/2026 18:54:23] "POST /login/ HTTP/1.1" 302 0
[11/Jun/2026 18:54:23] "GET / HTTP/1.1" 200 9904
[11/Jun/2026 18:54:29] "GET /tickets/ HTTP/1.1" 200 7635
C:\GitHub\corporate_portal\portal\forms.py changed, reloading.
Watching for file changes with StatReloader
[11/Jun/2026 19:00:52] "GET /profile/ HTTP/1.1" 302 0
[11/Jun/2026 19:00:52] "GET /login/?next=/profile/ HTTP/1.1" 200 2454
[11/Jun/2026 19:00:52] "GET /static/portal/css/style.css HTTP/1.1" 304 0
[11/Jun/2026 19:01:04] "GET /profile/ HTTP/1.1" 302 0
[11/Jun/2026 19:01:04] "GET /login/?next=/profile/ HTTP/1.1" 200 2454
[11/Jun/2026 19:01:05] "GET /profile/edit/ HTTP/1.1" 302 0
[11/Jun/2026 19:01:05] "GET /login/?next=/profile/edit/ HTTP/1.1" 200 2454
[11/Jun/2026 19:01:46] "GET /logout/ HTTP/1.1" 302 0
[11/Jun/2026 19:01:46] "GET /login/ HTTP/1.1" 200 2454
[11/Jun/2026 19:01:46] "GET /static/portal/css/style.css HTTP/1.1" 304 0
[11/Jun/2026 19:01:50] "POST /login/ HTTP/1.1" 302 0
[11/Jun/2026 19:01:50] "GET / HTTP/1.1" 200 9903
[11/Jun/2026 19:01:53] "GET /profile/ HTTP/1.1" 200 7326
[11/Jun/2026 19:03:58] "GET /profile/edit/ HTTP/1.1" 200 3902
[11/Jun/2026 19:04:18] "POST /profile/edit/ HTTP/1.1" 302 0
[11/Jun/2026 19:04:18] "GET /profile/ HTTP/1.1" 200 7328
[11/Jun/2026 19:04:20] "GET /profile/edit/ HTTP/1.1" 200 3904
[11/Jun/2026 19:04:29] "POST /profile/edit/ HTTP/1.1" 302 0
[11/Jun/2026 19:04:29] "GET /profile/ HTTP/1.1" 200 7315
C:\GitHub\corporate_portal\portal\forms.py changed, reloading.
Watching for file changes with StatReloader
[11/Jun/2026 19:07:22] "GET /login/ HTTP/1.1" 302 0
[11/Jun/2026 19:07:22] "GET / HTTP/1.1" 200 9903
[11/Jun/2026 19:07:26] "GET /profile/ HTTP/1.1" 200 7331
[11/Jun/2026 19:07:30] "GET /profile/edit/ HTTP/1.1" 200 4968
[11/Jun/2026 19:07:39] "POST /profile/edit/ HTTP/1.1" 302 0
[11/Jun/2026 19:07:39] "GET /profile/ HTTP/1.1" 200 7337
[11/Jun/2026 19:07:41] "GET /profile/edit/ HTTP/1.1" 200 4974
[11/Jun/2026 19:08:01] "POST /profile/edit/ HTTP/1.1" 302 0
[11/Jun/2026 19:08:01] "GET /profile/ HTTP/1.1" 200 7344
[11/Jun/2026 19:11:44] "GET /logout/ HTTP/1.1" 302 0
[11/Jun/2026 19:11:44] "GET /login/ HTTP/1.1" 200 2454
[11/Jun/2026 19:11:44] "GET /static/portal/css/style.css HTTP/1.1" 304 0
C:\GitHub\corporate_portal\portal\forms.py changed, reloading.
Watching for file changes with StatReloader
C:\GitHub\corporate_portal\portal\forms.py changed, reloading.
Watching for file changes with StatReloader
C:\GitHub\corporate_portal\portal\models.py changed, reloading.
Watching for file changes with StatReloader
C:\GitHub\corporate_portal\portal\models.py changed, reloading.
Watching for file changes with StatReloader
C:\GitHub\corporate_portal\portal\models.py changed, reloading.
Watching for file changes with StatReloader
C:\GitHub\corporate_portal\portal\forms.py changed, reloading.
Watching for file changes with StatReloader
C:\GitHub\corporate_portal\portal\views.py changed, reloading.
Watching for file changes with StatReloader
C:\GitHub\corporate_portal\portal\urls.py changed, reloading.
Watching for file changes with StatReloader
C:\GitHub\corporate_portal\portal\forms.py changed, reloading.
Watching for file changes with StatReloader
C:\GitHub\corporate_portal\portal\views.py changed, reloading.
Watching for file changes with StatReloader
C:\GitHub\corporate_portal\portal\urls.py changed, reloading.
Watching for file changes with StatReloader
[11/Jun/2026 20:36:04] "GET /logout/ HTTP/1.1" 302 0
[11/Jun/2026 20:36:04] "GET /login/ HTTP/1.1" 200 2454
[11/Jun/2026 20:36:04] "GET /static/portal/css/style.css HTTP/1.1" 304 0
[11/Jun/2026 20:36:07] "POST /login/ HTTP/1.1" 302 0
[11/Jun/2026 20:36:07] "GET / HTTP/1.1" 200 10440
[11/Jun/2026 20:36:13] "GET /management/ HTTP/1.1" 200 5735
[11/Jun/2026 20:36:21] "GET /management/news/ HTTP/1.1" 200 7233
[11/Jun/2026 20:36:40] "GET /management/news/create/ HTTP/1.1" 200 5906
[11/Jun/2026 20:37:26] "POST /management/news/create/ HTTP/1.1" 200 6198
[11/Jun/2026 20:37:32] "GET /management/news/ HTTP/1.1" 200 7233
[11/Jun/2026 20:37:40] "GET /management/employees/ HTTP/1.1" 200 8311
[11/Jun/2026 20:37:46] "GET /management/employees/create/ HTTP/1.1" 200 7192
[11/Jun/2026 20:37:55] "GET /management/departments/ HTTP/1.1" 200 5834
[11/Jun/2026 20:37:58] "GET /management/documents/ HTTP/1.1" 200 8061
[11/Jun/2026 20:38:33] "GET /management/services/ HTTP/1.1" 200 6487
[11/Jun/2026 20:38:41] "GET /management/services/ HTTP/1.1" 200 6487
[11/Jun/2026 20:38:45] "GET /management/tickets/ HTTP/1.1" 200 7970
[11/Jun/2026 20:38:49] "GET /management/tickets/7/edit/ HTTP/1.1" 200 4891
[11/Jun/2026 20:39:01] "POST /management/tickets/7/edit/ HTTP/1.1" 302 0
[11/Jun/2026 20:39:01] "GET /management/tickets/ HTTP/1.1" 200 8218
[11/Jun/2026 20:39:13] "GET /employees/ HTTP/1.1" 200 10240
[11/Jun/2026 20:39:16] "GET /management/ HTTP/1.1" 200 5735
[11/Jun/2026 20:39:31] "GET /management/ HTTP/1.1" 200 5735
[11/Jun/2026 20:39:32] "GET /management/ HTTP/1.1" 200 5735
[11/Jun/2026 20:39:33] "GET / HTTP/1.1" 200 10445
[11/Jun/2026 20:39:35] "GET /employees/ HTTP/1.1" 200 10240
C:\GitHub\corporate_portal\portal\views.py changed, reloading.
Watching for file changes with StatReloader
C:\GitHub\corporate_portal\portal\views.py changed, reloading.
Watching for file changes with StatReloader
[11/Jun/2026 21:19:35] "GET /news/ HTTP/1.1" 302 0
[11/Jun/2026 21:19:35] "GET /login/?next=/news/ HTTP/1.1" 200 2459
[11/Jun/2026 21:19:35] "GET /static/portal/css/style.css HTTP/1.1" 304 0
C:\GitHub\corporate_portal\portal\views.py changed, reloading.
Watching for file changes with StatReloader
